// Jest Snapshot v1, https://goo.gl/fbAQLP

exports[`polyfill condition polyfill condition exists in html 1`] = `
"(function (){
  var con;
  try {
    con = !(Object.hasOwn) || !('at' in window.Array.prototype) || false;
  } catch (e) {
    con = true;
  }
  if (con) { window.TRAMVAI_POLLYFILL_LOADED = true;
  document.write('<script defer="defer" charset="utf-8" data-critical="true" crossorigin="anonymous" src="http://localhost:4000/dist/client/polyfill.js"><\\/script>')}
})()"
`;
