// Jest Snapshot v1, https://goo.gl/fbAQLP

exports[`polyfills modern list of polyfills: modern 1`] = `
{
  "polyfills": [
    "../../node_modules/core-js/modules/es.array.find-last-index.js",
    "../../node_modules/core-js/modules/es.array.find-last.js",
    "../../node_modules/core-js/modules/es.array.push.js",
    "../../node_modules/core-js/modules/es.array.to-reversed.js",
    "../../node_modules/core-js/modules/es.array.to-sorted.js",
    "../../node_modules/core-js/modules/es.array.to-spliced.js",
    "../../node_modules/core-js/modules/es.array.with.js",
    "../../node_modules/core-js/modules/es.error.cause.js",
    "../../node_modules/core-js/modules/es.map.group-by.js",
    "../../node_modules/core-js/modules/es.object.group-by.js",
    "../../node_modules/core-js/modules/es.promise.try.js",
    "../../node_modules/core-js/modules/es.promise.with-resolvers.js",
    "../../node_modules/core-js/modules/es.string.is-well-formed.js",
    "../../node_modules/core-js/modules/es.string.to-well-formed.js",
    "../../node_modules/core-js/modules/web.structured-clone.js",
    "../../node_modules/core-js/modules/web.url-search-params.delete.js",
    "../../node_modules/core-js/modules/web.url-search-params.has.js",
    "../../node_modules/core-js/modules/web.url-search-params.size.js",
    "../../node_modules/core-js/modules/web.url.can-parse.js",
    "../../node_modules/core-js/modules/web.url.parse.js",
    "./src/modern.polyfill.ts",
    "webpack/runtime/compat get default export",
    "webpack/runtime/define property getters",
    "webpack/runtime/global",
    "webpack/runtime/hasOwnProperty shorthand",
  ],
  "polyfillsCount": 25,
}
`;

exports[`polyfills stable list of polyfills: default 1`] = `
{
  "polyfills": [
    "../../node_modules/core-js/modules/es.aggregate-error.constructor.js",
    "../../node_modules/core-js/modules/es.aggregate-error.js",
    "../../node_modules/core-js/modules/es.array.at.js",
    "../../node_modules/core-js/modules/es.array.reduce-right.js",
    "../../node_modules/core-js/modules/es.array.reduce.js",
    "../../node_modules/core-js/modules/es.json.stringify.js",
    "../../node_modules/core-js/modules/es.object.has-own.js",
    "../../node_modules/core-js/modules/es.promise.any.js",
    "../../node_modules/core-js/modules/es.reflect.to-string-tag.js",
    "../../node_modules/core-js/modules/es.string.at-alternative.js",
    "../../node_modules/core-js/modules/es.string.replace-all.js",
    "./src/polyfill.ts + 1 modules",
    "webpack/runtime/global",
  ],
  "polyfillsCount": 13,
}
`;
